// Jest Snapshot v1, https://goo.gl/fbAQLP

exports[`renders correctly 1`] = `
<View
  style={
    Object {
      "backgroundColor": "rgb(21,21,21)",
      "flex": 1,
      "justifyContent": "center",
    }
  }
>
  <ActivityIndicator
    animating={true}
    color="#0000ff"
    hidesWhenStopped={true}
    size="small"
  />
  <Text
    style={
      Object {
        "alignSelf": "center",
        "color": "white",
      }
    }
  >
    loading...
  </Text>
</View>
`;
